// Jest Snapshot v1, https://goo.gl/fbAQLP

exports[`ParameterCivilityComponent should be created 1`] = `
<app-parameter-civility>
  <app-civility-list-view />
</app-parameter-civility>
`;
